============================================================
MULTIMODAL VALIDATION SYSTEM - ROBUSTNESS CHECK
============================================================
Initializing validators...

------------------------------
SCENARIO 1: INTENT VARIATIONS
------------------------------
